// Jest Snapshot v1, https://goo.gl/fbAQLP

exports[`App component renders App 1`] = `
<Fragment>
  <Header
    authSubmit={[Function]}
    dancerName=""
    inputChange={[Function]}
    isSignedIn={false}
    logoutClick={[Function]}
  />
  <main>
    <CompetencyContainer />
  </main>
</Fragment>
`;
